     1                                  	BOOT_LOAD	equ	0x7C00		; ブートプログラムのロード位置
     2                                  
     3                                  	ORG	BOOT_LOAD
     4                                  
     5                                  ; エントリポイント
     6                                  entry:
     7 00000000 EB58                    	jmp	ipl
     8                                  
     9                                  	;BPM (Boot Parameter Block)
    10 00000002 90<rept>                	times	90 - ($ - $$) db 0x90
    11                                  
    12                                  	;IPL (Initial Program Loader)
    13                                  ipl:
    14 0000005A FA                      	cli					; 割り込み禁止
    15                                  
    16 0000005B B80000                  	mov	ax, 0
    17 0000005E 8ED8                    	mov	ds, ax
    18 00000060 8EC0                    	mov	es, ax
    19 00000062 8ED0                    	mov	ss, ax
    20 00000064 BC007C                  	mov	sp, BOOT_LOAD
    21                                  
    22 00000067 FB                      	sti					; 割り込み許可
    23                                  
    24 00000068 8816[6E00]              	mov	[BOOT.DRIVE], dl
    25                                  
    26 0000006C EBFE                    	jmp	$	; 無限ループ
    27                                  
    28                                  ALIGN 2, db 0
    29                                  BOOT:						; ブートドライブに関する情報
    30 0000006E 0000                    .DRIVE		dw 0				; ドライブ番号
    31                                  
    32                                  ; ブートフラグ
    33 00000070 00<rept>                	times 510 - ($ - $$) db 0x00
    34 000001FE 55AA                    	db 0x55, 0xAA
